READY port=19080 pid=43083 threads=200 selectors=8 scheme=http (GetItem=470B PutItem=2B BatchGetItem=37808B BatchWriteItem=23B DescribeTable=4347B)
profiler output: /home/ec2-user/racecar/runs/bench3-20260911-230328/profiles/v1-small-put-alloc.jfr
pinning: client=[32-47] server=[0-15]
Profiling started
Sep 12, 2026 1:20:16 AM com.amazonaws.util.VersionInfoUtils printDeprecationAnnouncement
WARNING: The AWS SDK for Java 1.x reached end of support on December 31, 2025. For more information, see https://aws.amazon.com/blogs/developer/the-aws-sdk-for-java-1-x-is-in-maintenance-mode-effective-july-31-2024/
You can print where on the file system the AWS SDK for Java 1.x core runtime is located by setting the AWS_JAVA_V1_PRINT_LOCATION environment variable or aws.java.v1.printLocation system property to 'true'.
This message can be disabled by setting the AWS_JAVA_V1_DISABLE_DEPRECATION_ANNOUNCEMENT environment variable or aws.java.v1.disableDeprecationAnnouncement system property to 'true'.
The AWS SDK for Java 1.x is being used here:
at java.base/java.lang.Thread.getStackTrace(Thread.java:2193)
at com.amazonaws.util.VersionInfoUtils.printDeprecationAnnouncement(VersionInfoUtils.java:81)
at com.amazonaws.util.VersionInfoUtils.<clinit>(VersionInfoUtils.java:59)
at com.amazonaws.ClientConfiguration.<clinit>(ClientConfiguration.java:95)
at software.amazon.awssdk.benchmark.e2e.Workloads.v1(Workloads.java:183)
at software.amazon.awssdk.benchmark.e2e.Workloads.create(Workloads.java:128)
at software.amazon.awssdk.benchmark.e2e.BenchmarkRunner.main(BenchmarkRunner.java:291)
=== standalone-e2e-benchmark client=v1 transport=apache4-v1 scenarios=small-put iterations=35,000 warmup=5,000/fixed concurrency=1 driver=threads async-mode=n/a endpoint=http://127.0.0.1:19080 metrics=off pid=43148
=== cpu-time source: oshi (Amazon Linux) user/system split: yes; application cpu (per-thread): yes
=== build: phase=bench3-racecar commit=ac977512cbe sdkCommit=ac977512cbe branch=feature/poc/benchmark3 dirty=false built=2026-09-11T22:33:16Z sdkV2=2.54.4-SNAPSHOT sdkV1=1.12.797 smithy=1.5.1
=== warmup small-put: ops=5,000 wall=3.0s jit=3226ms settled=false (fixed warmup)
=== WARNING small-put: 8435 ms of JIT compilation inside the measured window (127.2% of wall); code was still changing, so per-operation numbers are not steady-state
RESULT client=v1 transport=apache4-v1 scenario=small-put iterations=35000 concurrency=1 async_mode=n/a wall_ms=6633 ops_per_wall_sec=5276.9 cpu_ms=13640 cpu_user_ms=12910 cpu_sys_ms=730 ops_per_cpu_sec=2566.0 ops_per_user_cpu_sec=2711.1 cpu_us_per_op=389.7 app_cpu_ms=5166 app_cpu_us_per_op=147.6 unattributed_ms=8474 avg_us_per_op=189.5 mean_lat_us=188.7 p50_us=156.3 p90_us=272.1 p99_us=356.3 p999_us=494.8 max_us=8728.8 jit_ms=8435 gc_ms=8 gc_count=1 steady_state=false warmup_ops=5000 warmup_settled=false server_cpu_ms=3440 server_requests=35000
DONE total_wall_s=10.2
